2026-05-29 14:20:12,296 [INFO] ============================================================
2026-05-29 14:20:12,297 [INFO] СИНХРОНИЗАЦИЯ ПРОДАЖ за 7 дней
2026-05-29 14:20:12,298 [INFO] Точка: 265
2026-05-29 14:20:12,298 [INFO] ============================================================
2026-05-29 14:20:12,298 [INFO] Месяц: 2026-05-22 → 2026-05-29
2026-05-29 14:20:13,371 [INFO]   Загружено: 0 новых, 0 обновлено
2026-05-29 14:20:13,372 [INFO] ============================================================
2026-05-29 14:20:13,372 [INFO] ИТОГО: 0 новых, 0 обновлено
2026-05-29 14:20:13,372 [INFO] ============================================================
2026-05-29 14:20:13,373 [INFO] Пересчёт дневных агрегатов...
2026-05-29 14:20:13,474 [INFO] Агрегаты обновлены: 0 дней
2026-05-29 14:35:41,703 [INFO] ============================================================
2026-05-29 14:35:41,704 [INFO] СИНХРОНИЗАЦИЯ ПРОДАЖ за 7 дней
2026-05-29 14:35:41,704 [INFO] Точка: 265
2026-05-29 14:35:41,704 [INFO] ============================================================
2026-05-29 14:35:41,705 [INFO] Месяц: 2026-05-22 → 2026-05-29
2026-05-29 14:35:44,324 [INFO]   Загружено: 0 новых, 100 обновлено
2026-05-29 14:35:44,324 [INFO] ============================================================
2026-05-29 14:35:44,324 [INFO] ИТОГО: 0 новых, 100 обновлено
2026-05-29 14:35:44,324 [INFO] ============================================================
2026-05-29 14:35:44,325 [INFO] Пересчёт дневных агрегатов...
2026-05-29 14:35:44,403 [INFO] Агрегаты обновлены: 0 дней
2026-05-29 14:41:14,796 [INFO] ============================================================
2026-05-29 14:41:14,796 [INFO] СИНХРОНИЗАЦИЯ ПРОДАЖ за 7 дней
2026-05-29 14:41:14,797 [INFO] Точка: 265
2026-05-29 14:41:14,797 [INFO] ============================================================
2026-05-29 14:41:14,797 [INFO] Месяц: 2026-05-22 → 2026-05-29
2026-05-29 14:51:29,835 [INFO] ============================================================
2026-05-29 14:51:29,835 [INFO] СИНХРОНИЗАЦИЯ ПРОДАЖ за 7 дней
2026-05-29 14:51:29,836 [INFO] Точка: 265
2026-05-29 14:51:29,836 [INFO] ============================================================
2026-05-29 14:51:29,836 [INFO] Месяц: 2026-05-22 → 2026-05-29
2026-05-29 14:53:44,787 [INFO] ============================================================
2026-05-29 14:53:44,787 [INFO] СИНХРОНИЗАЦИЯ ПРОДАЖ за 7 дней
2026-05-29 14:53:44,787 [INFO] Точка: 265
2026-05-29 14:53:44,788 [INFO] ============================================================
2026-05-29 14:53:44,788 [INFO] Месяц: 2026-05-22 → 2026-05-29
2026-05-29 14:53:45,665 [INFO]   Загружено: 0 новых, 0 обновлено
2026-05-29 14:53:45,665 [INFO] ============================================================
2026-05-29 14:53:45,665 [INFO] ИТОГО: 0 новых, 0 обновлено
2026-05-29 14:53:45,666 [INFO] ============================================================
2026-05-29 14:53:45,666 [INFO] Пересчёт дневных агрегатов...
2026-05-29 14:53:45,741 [INFO] Агрегаты обновлены: 0 дней
2026-05-29 15:00:35,233 [INFO] ============================================================
2026-05-29 15:00:35,236 [INFO] СИНХРОНИЗАЦИЯ ПРОДАЖ за 7 дней
2026-05-29 15:00:35,236 [INFO] Точка: 265
2026-05-29 15:00:35,236 [INFO] ============================================================
2026-05-29 15:00:35,236 [INFO] Месяц: 2026-05-22 → 2026-05-29
2026-05-29 15:00:38,149 [INFO]   Страница 0: 100 заказов, hasMore=True
2026-05-29 15:00:40,566 [INFO]   Страница 1: 100 заказов, hasMore=True
2026-05-29 15:00:43,130 [INFO]   Страница 2: 100 заказов, hasMore=True
2026-05-29 15:00:44,561 [INFO]   Страница 3: 19 заказов, hasMore=False
2026-05-29 15:00:44,561 [INFO]   Месяц: 319 новых, 0 обновлено
2026-05-29 15:00:44,561 [INFO] ============================================================
2026-05-29 15:00:44,561 [INFO] ИТОГО: 319 новых, 0 обновлено
2026-05-29 15:00:44,562 [INFO] ============================================================
2026-05-29 15:00:44,562 [INFO] Пересчёт дневных агрегатов...
2026-05-29 15:00:44,570 [ERROR] Критическая ошибка
Traceback (most recent call last):
  File "/Users/alexandrguryanov/Downloads/bar_management_v7/sync_retail.py", line 521, in main
    sync.sync_sales(args.days)
    ~~~~~~~~~~~~~~~^^^^^^^^^^^
  File "/Users/alexandrguryanov/Downloads/bar_management_v7/sync_retail.py", line 323, in sync_sales
    self._recalculate_daily_sales()
    ~~~~~~~~~~~~~~~~~~~~~~~~~~~~~^^
  File "/Users/alexandrguryanov/Downloads/bar_management_v7/sync_retail.py", line 368, in _recalculate_daily_sales
    ).filter(SaleRecord.date != None).group_by('sale_date').all()
                                                            ~~~^^
  File "/Users/alexandrguryanov/Downloads/bar_management_v7/venv3/lib/python3.13/site-packages/sqlalchemy/orm/query.py", line 2711, in all
    return self._iter().all()  # type: ignore
           ~~~~~~~~~~~~~~~~^^
  File "/Users/alexandrguryanov/Downloads/bar_management_v7/venv3/lib/python3.13/site-packages/sqlalchemy/engine/result.py", line 1406, in all
    return self._allrows()
           ~~~~~~~~~~~~~^^
  File "/Users/alexandrguryanov/Downloads/bar_management_v7/venv3/lib/python3.13/site-packages/sqlalchemy/engine/result.py", line 560, in _allrows
    rows = self._fetchall_impl()
  File "/Users/alexandrguryanov/Downloads/bar_management_v7/venv3/lib/python3.13/site-packages/sqlalchemy/engine/result.py", line 2310, in _fetchall_impl
    return list(self.iterator)
  File "/Users/alexandrguryanov/Downloads/bar_management_v7/venv3/lib/python3.13/site-packages/sqlalchemy/orm/loading.py", line 220, in chunks
    fetch = cursor._raw_all_rows()
  File "/Users/alexandrguryanov/Downloads/bar_management_v7/venv3/lib/python3.13/site-packages/sqlalchemy/engine/result.py", line 553, in _raw_all_rows
    return [make_row(row) for row in rows]
            ~~~~~~~~^^^^^
  File "/Users/alexandrguryanov/Downloads/bar_management_v7/venv3/lib/python3.13/site-packages/sqlalchemy/engine/_py_row.py", line 56, in __init__
    proc(value) if proc else value
    ~~~~^^^^^^^
  File "/Users/alexandrguryanov/Downloads/bar_management_v7/venv3/lib/python3.13/site-packages/sqlalchemy/engine/_py_processors.py", line 133, in str_to_date
    dt_value = date_cls.fromisoformat(value)
TypeError: fromisoformat: argument must be str
2026-05-29 15:04:41,181 [INFO] ============================================================
2026-05-29 15:04:41,182 [INFO] СИНХРОНИЗАЦИЯ ПРОДАЖ за 7 дней
2026-05-29 15:04:41,182 [INFO] Точка: 265
2026-05-29 15:04:41,182 [INFO] ============================================================
2026-05-29 15:04:41,182 [INFO] Месяц: 2026-05-22 → 2026-05-29
2026-05-29 15:04:44,390 [INFO]   Страница 0: 100 заказов, hasMore=True
2026-05-29 15:04:46,880 [INFO]   Страница 1: 100 заказов, hasMore=True
2026-05-29 15:04:49,422 [INFO]   Страница 2: 100 заказов, hasMore=True
2026-05-29 15:04:50,857 [INFO]   Страница 3: 19 заказов, hasMore=False
2026-05-29 15:04:50,857 [INFO]   Месяц: 0 новых, 319 обновлено
2026-05-29 15:04:50,857 [INFO] ============================================================
2026-05-29 15:04:50,857 [INFO] ИТОГО: 0 новых, 319 обновлено
2026-05-29 15:04:50,857 [INFO] ============================================================
2026-05-29 15:04:50,858 [INFO] Пересчёт дневных агрегатов...
2026-05-29 15:04:50,922 [INFO] Агрегаты обновлены: 8 дней
2026-05-29 15:45:23,161 [INFO] ============================================================
2026-05-29 15:45:23,162 [INFO] СИНХРОНИЗАЦИЯ ОСТАТКОВ
2026-05-29 15:45:23,162 [INFO] ============================================================
2026-05-29 15:45:23,907 [ERROR] Не удалось получить остатки
2026-05-29 16:36:04,358 [INFO] ============================================================
2026-05-29 16:36:04,359 [INFO] СИНХРОНИЗАЦИЯ НОМЕНКЛАТУРЫ И ОСТАТКОВ
2026-05-29 16:36:04,359 [INFO] ============================================================
2026-05-29 16:36:05,895 [INFO] Получено 30 товаров
2026-05-29 16:36:05,968 [ERROR] Критическая ошибка
Traceback (most recent call last):
  File "/Users/alexandrguryanov/Downloads/bar_management_v7/sync_retail.py", line 672, in main
    sync.sync_nomenclature()
    ~~~~~~~~~~~~~~~~~~~~~~^^
  File "/Users/alexandrguryanov/Downloads/bar_management_v7/sync_retail.py", line 545, in sync_nomenclature
    sb = StockBalance(
        sbis_nomenclature_id=str(item.get('id', '')),
    ...<5 lines>...
        keg_liters=keg_liters
    )
  File "<string>", line 4, in __init__
  File "/Users/alexandrguryanov/Downloads/bar_management_v7/venv3/lib/python3.13/site-packages/sqlalchemy/orm/state.py", line 596, in _initialize_instance
    with util.safe_reraise():
         ~~~~~~~~~~~~~~~~~^^
  File "/Users/alexandrguryanov/Downloads/bar_management_v7/venv3/lib/python3.13/site-packages/sqlalchemy/util/langhelpers.py", line 121, in __exit__
    raise exc_value.with_traceback(exc_tb)
  File "/Users/alexandrguryanov/Downloads/bar_management_v7/venv3/lib/python3.13/site-packages/sqlalchemy/orm/state.py", line 594, in _initialize_instance
    manager.original_init(*mixed[1:], **kwargs)
    ~~~~~~~~~~~~~~~~~~~~~^^^^^^^^^^^^^^^^^^^^^^
  File "/Users/alexandrguryanov/Downloads/bar_management_v7/venv3/lib/python3.13/site-packages/sqlalchemy/orm/decl_base.py", line 2179, in _declarative_constructor
    raise TypeError(
        "%r is an invalid keyword argument for %s" % (k, cls_.__name__)
    )
TypeError: 'keg_liters' is an invalid keyword argument for StockBalance
2026-05-29 17:14:44,271 [INFO] ============================================================
2026-05-29 17:14:44,272 [INFO] СИНХРОНИЗАЦИЯ НОМЕНКЛАТУРЫ И ОСТАТКОВ
2026-05-29 17:14:44,273 [INFO] ============================================================
2026-05-29 17:14:45,559 [INFO] Получено 30 товаров
2026-05-29 17:14:45,628 [ERROR] Критическая ошибка
Traceback (most recent call last):
  File "/Users/alexandrguryanov/Downloads/bar_management_v7/sync_retail.py", line 672, in main
    sync.sync_nomenclature()
    ~~~~~~~~~~~~~~~~~~~~~~^^
  File "/Users/alexandrguryanov/Downloads/bar_management_v7/sync_retail.py", line 545, in sync_nomenclature
    sb = StockBalance(
        sbis_nomenclature_id=str(item.get('id', '')),
    ...<5 lines>...
        keg_liters=keg_liters
    )
  File "<string>", line 4, in __init__
  File "/Users/alexandrguryanov/Downloads/bar_management_v7/venv3/lib/python3.13/site-packages/sqlalchemy/orm/state.py", line 596, in _initialize_instance
    with util.safe_reraise():
         ~~~~~~~~~~~~~~~~~^^
  File "/Users/alexandrguryanov/Downloads/bar_management_v7/venv3/lib/python3.13/site-packages/sqlalchemy/util/langhelpers.py", line 121, in __exit__
    raise exc_value.with_traceback(exc_tb)
  File "/Users/alexandrguryanov/Downloads/bar_management_v7/venv3/lib/python3.13/site-packages/sqlalchemy/orm/state.py", line 594, in _initialize_instance
    manager.original_init(*mixed[1:], **kwargs)
    ~~~~~~~~~~~~~~~~~~~~~^^^^^^^^^^^^^^^^^^^^^^
  File "/Users/alexandrguryanov/Downloads/bar_management_v7/venv3/lib/python3.13/site-packages/sqlalchemy/orm/decl_base.py", line 2179, in _declarative_constructor
    raise TypeError(
        "%r is an invalid keyword argument for %s" % (k, cls_.__name__)
    )
TypeError: 'keg_liters' is an invalid keyword argument for StockBalance
2026-05-29 17:23:01,225 [INFO] ============================================================
2026-05-29 17:23:01,227 [INFO] СИНХРОНИЗАЦИЯ НОМЕНКЛАТУРЫ
2026-05-29 17:23:01,227 [INFO] ============================================================
2026-05-29 17:23:02,720 [INFO]   Страница 0: 101 товаров
2026-05-29 17:23:03,388 [INFO]   Страница 1: 101 товаров
2026-05-29 17:23:04,287 [INFO]   Страница 2: 101 товаров
2026-05-29 17:23:04,974 [INFO]   Страница 3: 101 товаров
2026-05-29 17:23:05,676 [INFO]   Страница 4: 101 товаров
2026-05-29 17:23:06,451 [INFO]   Страница 5: 101 товаров
2026-05-29 17:23:07,612 [INFO]   Страница 6: 101 товаров
2026-05-29 17:23:08,553 [INFO]   Страница 7: 101 товаров
2026-05-29 17:23:09,402 [INFO]   Страница 8: 101 товаров
2026-05-29 17:23:10,169 [INFO]   Страница 9: 101 товаров
2026-05-29 17:23:11,277 [INFO]   Страница 10: 101 товаров
2026-05-29 17:23:12,040 [INFO]   Страница 11: 101 товаров
2026-05-29 17:23:12,993 [INFO]   Страница 12: 101 товаров
2026-05-29 17:23:13,655 [INFO]   Страница 13: 101 товаров
2026-05-29 17:23:14,462 [INFO]   Страница 14: 101 товаров
2026-05-29 17:23:15,225 [INFO]   Страница 15: 101 товаров
2026-05-29 17:23:15,882 [INFO]   Страница 16: 101 товаров
2026-05-29 17:23:16,526 [INFO]   Страница 17: 101 товаров
2026-05-29 17:23:17,185 [INFO]   Страница 18: 101 товаров
2026-05-29 17:23:17,897 [INFO]   Страница 19: 101 товаров
2026-05-29 17:23:18,478 [INFO]   Страница 20: 101 товаров
2026-05-29 17:23:19,060 [INFO]   Страница 21: 101 товаров
2026-05-29 17:23:20,065 [INFO]   Страница 22: 101 товаров
2026-05-29 17:23:20,728 [INFO]   Страница 23: 101 товаров
2026-05-29 17:23:22,922 [INFO]   Страница 24: 101 товаров
2026-05-29 17:23:23,535 [INFO]   Страница 25: 101 товаров
2026-05-29 17:23:24,107 [INFO]   Страница 26: 101 товаров
2026-05-29 17:23:24,790 [INFO]   Страница 27: 101 товаров
2026-05-29 17:23:25,515 [INFO]   Страница 28: 101 товаров
2026-05-29 17:23:26,272 [INFO]   Страница 29: 101 товаров
2026-05-29 17:23:27,009 [INFO]   Страница 30: 101 товаров
2026-05-29 17:23:27,804 [INFO]   Страница 31: 101 товаров
2026-05-29 17:23:28,526 [INFO]   Страница 32: 101 товаров
2026-05-29 17:23:29,723 [INFO]   Страница 33: 101 товаров
2026-05-29 17:23:30,484 [INFO]   Страница 34: 101 товаров
2026-05-29 17:23:31,236 [INFO]   Страница 35: 101 товаров
2026-05-29 17:23:31,977 [INFO]   Страница 36: 101 товаров
2026-05-29 17:23:32,724 [INFO]   Страница 37: 101 товаров
2026-05-29 17:23:33,411 [INFO]   Страница 38: 101 товаров
2026-05-29 17:23:34,405 [INFO]   Страница 39: 101 товаров
2026-05-29 17:23:35,093 [INFO]   Страница 40: 101 товаров
2026-05-29 17:23:35,865 [INFO]   Страница 41: 101 товаров
2026-05-29 17:23:36,610 [INFO]   Страница 42: 101 товаров
2026-05-29 17:23:37,350 [INFO]   Страница 43: 101 товаров
2026-05-29 17:23:38,180 [INFO]   Страница 44: 101 товаров
2026-05-29 17:23:39,225 [INFO]   Страница 45: 101 товаров
2026-05-29 17:45:14,681 [INFO] ============================================================
2026-05-29 17:45:14,683 [INFO] СИНХРОНИЗАЦИЯ ПРОДАЖ за 365 дней
2026-05-29 17:45:14,683 [INFO] Точка: 265
2026-05-29 17:45:14,683 [INFO] ============================================================
2026-05-29 17:45:14,684 [INFO] Месяц: 2025-05-29 → 2025-05-31
2026-05-29 18:06:16,332 [INFO] ============================================================
2026-05-29 18:06:16,333 [INFO] СИНХРОНИЗАЦИЯ ПРОДАЖ за 1 дней
2026-05-29 18:06:16,334 [INFO] Точка: 265
2026-05-29 18:06:16,334 [INFO] ============================================================
2026-05-29 18:06:16,334 [INFO] Месяц: 2026-05-28 → 2026-05-29
2026-05-29 18:06:17,865 [INFO]   Загружено: 0 новых, 32 обновлено
2026-05-29 18:06:17,866 [INFO] ============================================================
2026-05-29 18:06:17,866 [INFO] ИТОГО: 0 новых, 32 обновлено
2026-05-29 18:06:17,866 [INFO] ============================================================
2026-05-29 18:06:17,866 [INFO] Пересчёт дневных агрегатов...
2026-05-29 18:06:17,965 [ERROR] Критическая ошибка
Traceback (most recent call last):
  File "/Users/alexandrguryanov/Downloads/bar_management_v7/sync_retail.py", line 381, in main
    sync.sync_sales(args.days)
    ~~~~~~~~~~~~~~~^^^^^^^^^^^
  File "/Users/alexandrguryanov/Downloads/bar_management_v7/sync_retail.py", line 166, in sync_sales
    self._recalculate_daily_sales()
    ~~~~~~~~~~~~~~~~~~~~~~~~~~~~~^^
  File "/Users/alexandrguryanov/Downloads/bar_management_v7/sync_retail.py", line 213, in _recalculate_daily_sales
    ).filter(SaleRecord.date != None).group_by('sale_date').all()
                                                            ~~~^^
  File "/Users/alexandrguryanov/Downloads/bar_management_v7/venv3/lib/python3.13/site-packages/sqlalchemy/orm/query.py", line 2711, in all
    return self._iter().all()  # type: ignore
           ~~~~~~~~~~~~~~~~^^
  File "/Users/alexandrguryanov/Downloads/bar_management_v7/venv3/lib/python3.13/site-packages/sqlalchemy/engine/result.py", line 1406, in all
    return self._allrows()
           ~~~~~~~~~~~~~^^
  File "/Users/alexandrguryanov/Downloads/bar_management_v7/venv3/lib/python3.13/site-packages/sqlalchemy/engine/result.py", line 560, in _allrows
    rows = self._fetchall_impl()
  File "/Users/alexandrguryanov/Downloads/bar_management_v7/venv3/lib/python3.13/site-packages/sqlalchemy/engine/result.py", line 2310, in _fetchall_impl
    return list(self.iterator)
  File "/Users/alexandrguryanov/Downloads/bar_management_v7/venv3/lib/python3.13/site-packages/sqlalchemy/orm/loading.py", line 220, in chunks
    fetch = cursor._raw_all_rows()
  File "/Users/alexandrguryanov/Downloads/bar_management_v7/venv3/lib/python3.13/site-packages/sqlalchemy/engine/result.py", line 553, in _raw_all_rows
    return [make_row(row) for row in rows]
            ~~~~~~~~^^^^^
  File "/Users/alexandrguryanov/Downloads/bar_management_v7/venv3/lib/python3.13/site-packages/sqlalchemy/engine/_py_row.py", line 56, in __init__
    proc(value) if proc else value
    ~~~~^^^^^^^
  File "/Users/alexandrguryanov/Downloads/bar_management_v7/venv3/lib/python3.13/site-packages/sqlalchemy/engine/_py_processors.py", line 133, in str_to_date
    dt_value = date_cls.fromisoformat(value)
TypeError: fromisoformat: argument must be str
2026-05-29 18:13:34,116 [INFO] ============================================================
2026-05-29 18:13:34,117 [INFO] СИНХРОНИЗАЦИЯ ОСТАТКОВ
2026-05-29 18:13:34,117 [INFO] ============================================================
2026-05-29 18:13:35,275 [ERROR] Не удалось получить остатки
2026-05-29 18:21:33,005 [INFO] ============================================================
2026-05-29 18:21:33,007 [INFO] СИНХРОНИЗАЦИЯ ОСТАТКОВ (через номенклатуру)
2026-05-29 18:21:33,007 [INFO] ============================================================
2026-05-29 18:21:34,505 [INFO]   Страница 0: 101 товаров
2026-05-29 18:21:34,505 [INFO]   hasMore=True
2026-05-29 18:21:34,506 [ERROR] Критическая ошибка
Traceback (most recent call last):
  File "/Users/alexandrguryanov/Downloads/bar_management_v7/sync_retail.py", line 406, in main
    sync.sync_balances()
    ~~~~~~~~~~~~~~~~~~^^
  File "/Users/alexandrguryanov/Downloads/bar_management_v7/sync_retail.py", line 264, in sync_balances
    time.sleep(0.2)
    ^^^^
NameError: name 'time' is not defined. Did you forget to import 'time'?
2026-05-29 18:25:01,938 [INFO] ============================================================
2026-05-29 18:25:01,939 [INFO] СИНХРОНИЗАЦИЯ ОСТАТКОВ (через номенклатуру)
2026-05-29 18:25:01,939 [INFO] ============================================================
2026-05-29 18:25:03,514 [INFO]   Страница 0: 101 товаров
2026-05-29 18:25:03,514 [INFO]   hasMore=True
2026-05-29 18:25:04,551 [INFO]   Страница 1: 101 товаров
2026-05-29 18:25:04,552 [INFO]   hasMore=True
2026-05-29 18:25:05,569 [INFO]   Страница 2: 101 товаров
2026-05-29 18:25:05,570 [INFO]   hasMore=True
2026-05-29 18:25:06,276 [INFO]   Страница 3: 101 товаров
2026-05-29 18:25:06,276 [INFO]   hasMore=True
2026-05-29 18:25:07,179 [INFO]   Страница 4: 101 товаров
2026-05-29 18:25:07,179 [INFO]   hasMore=True
2026-05-29 18:25:08,102 [INFO]   Страница 5: 101 товаров
2026-05-29 18:25:08,102 [INFO]   hasMore=True
2026-05-29 18:25:09,141 [INFO]   Страница 6: 101 товаров
2026-05-29 18:25:09,141 [INFO]   hasMore=True
2026-05-29 18:25:09,864 [INFO]   Страница 7: 101 товаров
2026-05-29 18:25:09,864 [INFO]   hasMore=True
2026-05-29 18:25:10,855 [INFO]   Страница 8: 101 товаров
2026-05-29 18:25:10,855 [INFO]   hasMore=True
2026-05-29 18:25:11,510 [INFO]   Страница 9: 101 товаров
2026-05-29 18:25:11,510 [INFO]   hasMore=True
2026-05-29 18:25:12,650 [INFO]   Страница 10: 101 товаров
2026-05-29 18:25:12,650 [INFO]   hasMore=True
2026-05-29 18:25:13,322 [INFO]   Страница 11: 101 товаров
2026-05-29 18:25:13,322 [INFO]   hasMore=True
2026-05-29 18:25:14,338 [INFO]   Страница 12: 101 товаров
2026-05-29 18:25:14,338 [INFO]   hasMore=True
2026-05-29 18:25:15,016 [INFO]   Страница 13: 101 товаров
2026-05-29 18:25:15,016 [INFO]   hasMore=True
2026-05-29 18:25:15,775 [INFO]   Страница 14: 101 товаров
2026-05-29 18:25:15,775 [INFO]   hasMore=True
2026-05-29 18:25:16,519 [INFO]   Страница 15: 101 товаров
2026-05-29 18:25:16,519 [INFO]   hasMore=True
2026-05-29 18:25:17,147 [INFO]   Страница 16: 101 товаров
2026-05-29 18:25:17,147 [INFO]   hasMore=True
2026-05-29 18:25:17,865 [INFO]   Страница 17: 101 товаров
2026-05-29 18:25:17,865 [INFO]   hasMore=True
2026-05-29 18:25:18,494 [INFO]   Страница 18: 101 товаров
2026-05-29 18:25:18,494 [INFO]   hasMore=True
2026-05-29 18:25:19,185 [INFO]   Страница 19: 101 товаров
2026-05-29 18:25:19,185 [INFO]   hasMore=True
2026-05-29 18:25:19,880 [INFO]   Страница 20: 101 товаров
2026-05-29 18:25:19,880 [INFO]   hasMore=True
2026-05-29 18:25:20,602 [INFO]   Страница 21: 101 товаров
2026-05-29 18:25:20,602 [INFO]   hasMore=True
2026-05-29 18:25:21,208 [INFO]   Страница 22: 101 товаров
2026-05-29 18:25:21,211 [INFO]   hasMore=True
2026-05-29 18:25:21,897 [INFO]   Страница 23: 101 товаров
2026-05-29 18:25:21,897 [INFO]   hasMore=True
2026-05-29 18:25:22,521 [INFO]   Страница 24: 101 товаров
2026-05-29 18:25:22,521 [INFO]   hasMore=True
2026-05-29 18:25:23,288 [INFO]   Страница 25: 101 товаров
2026-05-29 18:25:23,288 [INFO]   hasMore=True
2026-05-29 18:25:23,944 [INFO]   Страница 26: 101 товаров
2026-05-29 18:25:23,944 [INFO]   hasMore=True
2026-05-29 18:25:24,987 [INFO]   Страница 27: 101 товаров
2026-05-29 18:25:24,988 [INFO]   hasMore=True
2026-05-29 18:25:25,623 [INFO]   Страница 28: 101 товаров
2026-05-29 18:25:25,623 [INFO]   hasMore=True
2026-05-29 18:25:26,209 [INFO]   Страница 29: 101 товаров
2026-05-29 18:25:26,210 [INFO]   hasMore=True
2026-05-29 18:25:26,977 [INFO]   Страница 30: 101 товаров
2026-05-29 18:25:26,977 [INFO]   hasMore=True
2026-05-29 18:25:27,735 [INFO]   Страница 31: 101 товаров
2026-05-29 18:25:27,735 [INFO]   hasMore=True
2026-05-29 18:25:28,446 [INFO]   Страница 32: 101 товаров
2026-05-29 18:25:28,447 [INFO]   hasMore=True
2026-05-29 18:25:29,056 [INFO]   Страница 33: 101 товаров
2026-05-29 18:25:29,057 [INFO]   hasMore=True
2026-05-29 18:25:29,889 [INFO]   Страница 34: 101 товаров
2026-05-29 18:25:29,889 [INFO]   hasMore=True
2026-05-29 18:25:30,578 [INFO]   Страница 35: 101 товаров
2026-05-29 18:25:30,578 [INFO]   hasMore=True
2026-05-29 18:25:31,555 [INFO]   Страница 36: 101 товаров
2026-05-29 18:25:31,555 [INFO]   hasMore=True
2026-05-29 18:25:32,227 [INFO]   Страница 37: 101 товаров
2026-05-29 18:25:32,228 [INFO]   hasMore=True
2026-05-29 18:25:32,893 [INFO]   Страница 38: 101 товаров
2026-05-29 18:25:32,894 [INFO]   hasMore=True
2026-05-29 18:25:33,692 [INFO]   Страница 39: 101 товаров
2026-05-29 18:25:33,692 [INFO]   hasMore=True
2026-05-29 18:25:34,402 [INFO]   Страница 40: 101 товаров
2026-05-29 18:25:34,402 [INFO]   hasMore=True
2026-05-29 18:25:35,133 [INFO]   Страница 41: 101 товаров
2026-05-29 18:25:35,134 [INFO]   hasMore=True
2026-05-29 18:25:36,160 [INFO]   Страница 42: 101 товаров
2026-05-29 18:25:36,160 [INFO]   hasMore=True
2026-05-29 18:25:36,817 [INFO]   Страница 43: 101 товаров
2026-05-29 18:25:36,818 [INFO]   hasMore=True
2026-05-29 18:25:37,479 [INFO]   Страница 44: 101 товаров
2026-05-29 18:25:37,479 [INFO]   hasMore=True
2026-05-29 18:25:38,286 [INFO]   Страница 45: 101 товаров
2026-05-29 18:25:38,286 [INFO]   hasMore=True
2026-05-29 18:25:38,962 [INFO]   Страница 46: 101 товаров
2026-05-29 18:25:38,962 [INFO]   hasMore=True
2026-05-29 18:25:39,766 [INFO]   Страница 47: 101 товаров
2026-05-29 18:25:39,766 [INFO]   hasMore=True
2026-05-29 18:25:40,416 [INFO]   Страница 48: 101 товаров
2026-05-29 18:25:40,416 [INFO]   hasMore=True
2026-05-29 18:25:41,147 [INFO]   Страница 49: 101 товаров
2026-05-29 18:25:41,148 [INFO]   hasMore=True
2026-05-29 18:25:42,198 [INFO]   Страница 50: 101 товаров
2026-05-29 18:25:42,198 [INFO]   hasMore=True
2026-05-29 18:25:42,885 [INFO]   Страница 51: 101 товаров
2026-05-29 18:25:42,885 [INFO]   hasMore=True
2026-05-29 18:25:43,853 [INFO]   Страница 52: 101 товаров
2026-05-29 18:25:43,853 [INFO]   hasMore=True
2026-05-29 18:25:44,553 [INFO]   Страница 53: 101 товаров
2026-05-29 18:25:44,554 [INFO]   hasMore=True
2026-05-29 18:25:45,253 [INFO]   Страница 54: 101 товаров
2026-05-29 18:25:45,254 [INFO]   hasMore=True
2026-05-29 18:25:46,029 [INFO]   Страница 55: 101 товаров
2026-05-29 18:25:46,029 [INFO]   hasMore=True
2026-05-29 18:25:46,912 [INFO]   Страница 56: 101 товаров
2026-05-29 18:25:46,913 [INFO]   hasMore=True
2026-05-29 18:25:47,528 [INFO]   Страница 57: 101 товаров
2026-05-29 18:25:47,529 [INFO]   hasMore=True
2026-05-29 18:25:48,198 [INFO]   Страница 58: 101 товаров
2026-05-29 18:25:48,198 [INFO]   hasMore=True
2026-05-29 18:25:48,946 [INFO]   Страница 59: 101 товаров
2026-05-29 18:25:48,946 [INFO]   hasMore=True
2026-05-29 18:25:49,634 [INFO]   Страница 60: 101 товаров
2026-05-29 18:25:49,634 [INFO]   hasMore=True
2026-05-29 18:25:50,252 [INFO]   Страница 61: 101 товаров
2026-05-29 18:25:50,253 [INFO]   hasMore=True
2026-05-29 18:25:50,821 [INFO]   Страница 62: 101 товаров
2026-05-29 18:25:50,821 [INFO]   hasMore=True
2026-05-29 18:25:51,662 [INFO]   Страница 63: 101 товаров
2026-05-29 18:25:51,662 [INFO]   hasMore=True
2026-05-29 18:25:52,578 [INFO]   Страница 64: 101 товаров
2026-05-29 18:25:52,579 [INFO]   hasMore=True
2026-05-29 18:25:53,174 [INFO]   Страница 65: 101 товаров
2026-05-29 18:25:53,175 [INFO]   hasMore=True
2026-05-29 18:25:53,792 [INFO]   Страница 66: 101 товаров
2026-05-29 18:25:53,792 [INFO]   hasMore=True
2026-05-29 18:25:54,375 [INFO]   Страница 67: 101 товаров
2026-05-29 18:25:54,375 [INFO]   hasMore=True
2026-05-29 18:25:54,962 [INFO]   Страница 68: 101 товаров
2026-05-29 18:25:54,962 [INFO]   hasMore=True
2026-05-29 18:25:55,574 [INFO]   Страница 69: 101 товаров
2026-05-29 18:25:55,575 [INFO]   hasMore=True
2026-05-29 18:25:56,169 [INFO]   Страница 70: 101 товаров
2026-05-29 18:25:56,170 [INFO]   hasMore=True
2026-05-29 18:25:56,869 [INFO]   Страница 71: 101 товаров
2026-05-29 18:25:56,869 [INFO]   hasMore=True
2026-05-29 18:25:57,597 [INFO]   Страница 72: 101 товаров
2026-05-29 18:25:57,597 [INFO]   hasMore=True
2026-05-29 18:25:58,306 [INFO]   Страница 73: 101 товаров
2026-05-29 18:25:58,306 [INFO]   hasMore=True
2026-05-29 18:25:59,045 [INFO]   Страница 74: 101 товаров
2026-05-29 18:25:59,045 [INFO]   hasMore=True
2026-05-29 18:25:59,688 [INFO]   Страница 75: 101 товаров
2026-05-29 18:25:59,688 [INFO]   hasMore=True
2026-05-29 18:26:00,704 [INFO]   Страница 76: 101 товаров
2026-05-29 18:26:00,704 [INFO]   hasMore=True
2026-05-29 18:26:01,364 [INFO]   Страница 77: 101 товаров
2026-05-29 18:26:01,364 [INFO]   hasMore=True
2026-05-29 18:26:02,033 [INFO]   Страница 78: 101 товаров
2026-05-29 18:26:02,033 [INFO]   hasMore=True
2026-05-29 18:26:02,704 [INFO]   Страница 79: 101 товаров
2026-05-29 18:26:02,704 [INFO]   hasMore=True
2026-05-29 18:26:03,361 [INFO]   Страница 80: 101 товаров
2026-05-29 18:26:03,361 [INFO]   hasMore=True
2026-05-29 18:26:04,029 [INFO]   Страница 81: 101 товаров
2026-05-29 18:26:04,029 [INFO]   hasMore=True
2026-05-29 18:26:04,667 [INFO]   Страница 82: 101 товаров
2026-05-29 18:26:04,668 [INFO]   hasMore=True
2026-05-29 18:26:05,640 [INFO]   Страница 83: 101 товаров
2026-05-29 18:26:05,641 [INFO]   hasMore=True
2026-05-29 18:26:06,287 [INFO]   Страница 84: 101 товаров
2026-05-29 18:26:06,287 [INFO]   hasMore=True
2026-05-29 18:26:07,312 [INFO]   Страница 85: 101 товаров
2026-05-29 18:26:07,312 [INFO]   hasMore=True
2026-05-29 18:26:07,958 [INFO]   Страница 86: 101 товаров
2026-05-29 18:26:07,958 [INFO]   hasMore=True
2026-05-29 18:26:08,607 [INFO]   Страница 87: 101 товаров
2026-05-29 18:26:08,607 [INFO]   hasMore=True
2026-05-29 18:26:09,273 [INFO]   Страница 88: 101 товаров
2026-05-29 18:26:09,273 [INFO]   hasMore=True
2026-05-29 18:26:10,386 [INFO]   Страница 89: 101 товаров
2026-05-29 18:26:10,386 [INFO]   hasMore=True
2026-05-29 18:26:11,071 [INFO]   Страница 90: 101 товаров
2026-05-29 18:26:11,072 [INFO]   hasMore=True
2026-05-29 18:26:11,993 [INFO]   Страница 91: 101 товаров
2026-05-29 18:26:11,994 [INFO]   hasMore=True
2026-05-29 18:26:13,039 [INFO]   Страница 92: 101 товаров
2026-05-29 18:26:13,040 [INFO]   hasMore=True
2026-05-29 18:26:13,711 [INFO]   Страница 93: 101 товаров
2026-05-29 18:26:13,711 [INFO]   hasMore=True
2026-05-29 18:26:14,311 [INFO]   Страница 94: 101 товаров
2026-05-29 18:26:14,312 [INFO]   hasMore=True
2026-05-29 18:26:14,987 [INFO]   Страница 95: 101 товаров
2026-05-29 18:26:14,988 [INFO]   hasMore=True
2026-05-29 18:26:15,688 [INFO]   Страница 96: 101 товаров
2026-05-29 18:26:15,688 [INFO]   hasMore=True
2026-05-29 18:26:16,351 [INFO]   Страница 97: 101 товаров
2026-05-29 18:26:16,351 [INFO]   hasMore=True
2026-05-29 18:26:16,922 [INFO]   Страница 98: 101 товаров
2026-05-29 18:26:16,922 [INFO]   hasMore=True
2026-05-29 18:26:17,533 [INFO]   Страница 99: 101 товаров
2026-05-29 18:26:17,533 [INFO]   hasMore=True
2026-05-29 18:26:18,123 [INFO]   Страница 100: 101 товаров
2026-05-29 18:26:18,123 [INFO]   hasMore=True
2026-05-29 18:26:18,822 [INFO]   Страница 101: 101 товаров
2026-05-29 18:26:18,822 [INFO]   hasMore=True
2026-05-29 18:26:19,401 [INFO]   Страница 102: 101 товаров
2026-05-29 18:26:19,401 [INFO]   hasMore=True
2026-05-29 18:26:19,957 [INFO]   Страница 103: 101 товаров
2026-05-29 18:26:19,958 [INFO]   hasMore=True
2026-05-29 18:26:20,576 [INFO]   Страница 104: 101 товаров
2026-05-29 18:26:20,577 [INFO]   hasMore=True
2026-05-29 18:26:21,456 [INFO]   Страница 105: 101 товаров
2026-05-29 18:26:21,456 [INFO]   hasMore=True
2026-05-29 18:26:22,077 [INFO]   Страница 106: 101 товаров
2026-05-29 18:26:22,077 [INFO]   hasMore=True
2026-05-29 18:26:22,679 [INFO]   Страница 107: 101 товаров
2026-05-29 18:26:22,680 [INFO]   hasMore=True
2026-05-29 18:26:23,313 [INFO]   Страница 108: 101 товаров
2026-05-29 18:26:23,313 [INFO]   hasMore=True
2026-05-29 18:26:23,892 [INFO]   Страница 109: 101 товаров
2026-05-29 18:26:23,892 [INFO]   hasMore=True
2026-05-29 18:26:24,903 [INFO]   Страница 110: 101 товаров
2026-05-29 18:26:24,903 [INFO]   hasMore=True
2026-05-29 18:26:25,506 [INFO]   Страница 111: 101 товаров
2026-05-29 18:26:25,506 [INFO]   hasMore=True
2026-05-29 18:26:26,077 [INFO]   Страница 112: 101 товаров
2026-05-29 18:26:26,077 [INFO]   hasMore=True
2026-05-29 18:26:26,678 [INFO]   Страница 113: 101 товаров
2026-05-29 18:26:26,679 [INFO]   hasMore=True
2026-05-29 18:26:27,349 [INFO]   Страница 114: 101 товаров
2026-05-29 18:26:27,350 [INFO]   hasMore=True
2026-05-29 18:26:28,045 [INFO]   Страница 115: 101 товаров
2026-05-29 18:26:28,046 [INFO]   hasMore=True
2026-05-29 18:26:28,685 [INFO]   Страница 116: 101 товаров
2026-05-29 18:26:28,685 [INFO]   hasMore=True
2026-05-29 18:26:29,366 [INFO]   Страница 117: 101 товаров
2026-05-29 18:26:29,367 [INFO]   hasMore=True
2026-05-29 18:26:29,981 [INFO]   Страница 118: 101 товаров
2026-05-29 18:26:29,981 [INFO]   hasMore=True
2026-05-29 18:26:30,758 [INFO]   Страница 119: 101 товаров
2026-05-29 18:26:30,758 [INFO]   hasMore=True
2026-05-29 18:26:31,462 [INFO]   Страница 120: 101 товаров
2026-05-29 18:26:31,463 [INFO]   hasMore=True
2026-05-29 18:26:32,193 [INFO]   Страница 121: 101 товаров
2026-05-29 18:26:32,193 [INFO]   hasMore=True
2026-05-29 18:26:32,871 [INFO]   Страница 122: 101 товаров
2026-05-29 18:26:32,872 [INFO]   hasMore=True
2026-05-29 18:26:33,568 [INFO]   Страница 123: 101 товаров
2026-05-29 18:26:33,569 [INFO]   hasMore=True
2026-05-29 18:26:34,162 [INFO]   Страница 124: 101 товаров
2026-05-29 18:26:34,162 [INFO]   hasMore=True
2026-05-29 18:26:34,741 [INFO]   Страница 125: 101 товаров
2026-05-29 18:26:34,741 [INFO]   hasMore=True
2026-05-29 18:26:35,643 [INFO]   Страница 126: 101 товаров
2026-05-29 18:26:35,643 [INFO]   hasMore=True
2026-05-29 18:26:36,311 [INFO]   Страница 127: 101 товаров
2026-05-29 18:26:36,312 [INFO]   hasMore=True
2026-05-29 18:26:36,968 [INFO]   Страница 128: 101 товаров
2026-05-29 18:26:36,969 [INFO]   hasMore=True
2026-05-29 18:26:37,588 [INFO]   Страница 129: 101 товаров
2026-05-29 18:26:37,589 [INFO]   hasMore=True
2026-05-29 18:26:38,214 [INFO]   Страница 130: 101 товаров
2026-05-29 18:26:38,214 [INFO]   hasMore=True
2026-05-29 18:26:39,042 [INFO]   Страница 131: 101 товаров
2026-05-29 18:26:39,043 [INFO]   hasMore=True
2026-05-29 18:26:39,647 [INFO]   Страница 132: 101 товаров
2026-05-29 18:26:39,649 [INFO]   hasMore=True
2026-05-29 18:26:40,290 [INFO]   Страница 133: 101 товаров
2026-05-29 18:26:40,291 [INFO]   hasMore=True
2026-05-29 18:26:40,906 [INFO]   Страница 134: 101 товаров
2026-05-29 18:26:40,907 [INFO]   hasMore=True
2026-05-29 18:26:41,617 [INFO]   Страница 135: 101 товаров
2026-05-29 18:26:41,617 [INFO]   hasMore=True
2026-05-29 18:26:42,297 [INFO]   Страница 136: 101 товаров
2026-05-29 18:26:42,298 [INFO]   hasMore=True
2026-05-29 18:26:43,041 [INFO]   Страница 137: 101 товаров
2026-05-29 18:26:43,041 [INFO]   hasMore=True
2026-05-29 18:26:43,725 [INFO]   Страница 138: 101 товаров
2026-05-29 18:26:43,725 [INFO]   hasMore=True
2026-05-29 18:26:44,435 [INFO]   Страница 139: 101 товаров
2026-05-29 18:26:44,435 [INFO]   hasMore=True
2026-05-29 18:26:45,034 [INFO]   Страница 140: 101 товаров
2026-05-29 18:26:45,034 [INFO]   hasMore=True
2026-05-29 18:26:45,702 [INFO]   Страница 141: 101 товаров
2026-05-29 18:26:45,702 [INFO]   hasMore=True
2026-05-29 18:26:46,370 [INFO]   Страница 142: 101 товаров
2026-05-29 18:26:46,371 [INFO]   hasMore=True
2026-05-29 18:26:47,284 [INFO]   Страница 143: 101 товаров
2026-05-29 18:26:47,284 [INFO]   hasMore=True
2026-05-29 18:26:48,011 [INFO]   Страница 144: 101 товаров
2026-05-29 18:26:48,014 [INFO]   hasMore=True
2026-05-29 18:26:48,732 [INFO]   Страница 145: 101 товаров
2026-05-29 18:26:48,734 [INFO]   hasMore=True
2026-05-29 18:26:49,543 [INFO]   Страница 146: 101 товаров
2026-05-29 18:26:49,544 [INFO]   hasMore=True
2026-05-29 18:26:50,253 [INFO]   Страница 147: 101 товаров
2026-05-29 18:26:50,253 [INFO]   hasMore=True
2026-05-29 18:26:50,983 [INFO]   Страница 148: 101 товаров
2026-05-29 18:26:50,983 [INFO]   hasMore=True
2026-05-29 18:26:51,620 [INFO]   Страница 149: 101 товаров
2026-05-29 18:26:51,620 [INFO]   hasMore=True
2026-05-29 18:35:57,985 [INFO] ============================================================
2026-05-29 18:35:57,986 [INFO] СИНХРОНИЗАЦИЯ ОСТАТКОВ (через номенклатуру)
2026-05-29 18:35:57,986 [INFO] ============================================================
2026-05-29 18:35:59,217 [INFO] Получено 30 товаров
2026-05-29 18:35:59,283 [ERROR] Критическая ошибка
Traceback (most recent call last):
  File "/Users/alexandrguryanov/Downloads/bar_management_v7/sync_retail.py", line 556, in main
    sync.sync_balances()
    ~~~~~~~~~~~~~~~~~~^^
  File "/Users/alexandrguryanov/Downloads/bar_management_v7/sync_retail.py", line 437, in sync_balances
    balance = StockBalance(
        sbis_nomenclature_id=str(item.get('id', '')),
    ...<5 lines>...
        cost=float(item.get('cost', 0) or 0)
    )
  File "<string>", line 4, in __init__
  File "/Users/alexandrguryanov/Downloads/bar_management_v7/venv3/lib/python3.13/site-packages/sqlalchemy/orm/state.py", line 596, in _initialize_instance
    with util.safe_reraise():
         ~~~~~~~~~~~~~~~~~^^
  File "/Users/alexandrguryanov/Downloads/bar_management_v7/venv3/lib/python3.13/site-packages/sqlalchemy/util/langhelpers.py", line 121, in __exit__
    raise exc_value.with_traceback(exc_tb)
  File "/Users/alexandrguryanov/Downloads/bar_management_v7/venv3/lib/python3.13/site-packages/sqlalchemy/orm/state.py", line 594, in _initialize_instance
    manager.original_init(*mixed[1:], **kwargs)
    ~~~~~~~~~~~~~~~~~~~~~^^^^^^^^^^^^^^^^^^^^^^
  File "/Users/alexandrguryanov/Downloads/bar_management_v7/venv3/lib/python3.13/site-packages/sqlalchemy/orm/decl_base.py", line 2179, in _declarative_constructor
    raise TypeError(
        "%r is an invalid keyword argument for %s" % (k, cls_.__name__)
    )
TypeError: 'cost' is an invalid keyword argument for StockBalance
2026-05-29 18:37:38,169 [INFO] ============================================================
2026-05-29 18:37:38,170 [INFO] СИНХРОНИЗАЦИЯ ОСТАТКОВ (через номенклатуру)
2026-05-29 18:37:38,170 [INFO] ============================================================
2026-05-29 18:37:39,161 [INFO] Получено 30 товаров
2026-05-29 18:37:39,243 [INFO] Сохранено 20 позиций с остатками
2026-05-29 18:49:47,125 [INFO] ============================================================
2026-05-29 18:49:47,126 [INFO] СИНХРОНИЗАЦИЯ ОСТАТКОВ (через номенклатуру)
2026-05-29 18:49:47,126 [INFO] ============================================================
2026-05-29 18:49:48,044 [INFO] Получено 30 товаров
2026-05-29 18:49:48,064 [INFO] Сохранено 20 позиций с остатками
2026-05-29 18:49:48,083 [INFO] 127.0.0.1 - - [29/May/2026 18:49:48] "[32mPOST /stock/sync HTTP/1.1[0m" 302 -
2026-05-29 18:49:48,094 [INFO] 127.0.0.1 - - [29/May/2026 18:49:48] "GET /stock HTTP/1.1" 200 -
2026-05-29 18:49:48,242 [INFO] 127.0.0.1 - - [29/May/2026 18:49:48] "[36mGET /static/css/style.css HTTP/1.1[0m" 304 -
2026-05-29 18:49:48,246 [INFO] 127.0.0.1 - - [29/May/2026 18:49:48] "[36mGET /static/js/app.js HTTP/1.1[0m" 304 -
