2026-05-29 14:20:12,296 [INFO] ============================================================
2026-05-29 14:20:12,297 [INFO] СИНХРОНИЗАЦИЯ ПРОДАЖ за 7 дней
2026-05-29 14:20:12,298 [INFO] Точка: 265
2026-05-29 14:20:12,298 [INFO] ============================================================
2026-05-29 14:20:12,298 [INFO] Месяц: 2026-05-22 → 2026-05-29
2026-05-29 14:20:13,371 [INFO]   Загружено: 0 новых, 0 обновлено
2026-05-29 14:20:13,372 [INFO] ============================================================
2026-05-29 14:20:13,372 [INFO] ИТОГО: 0 новых, 0 обновлено
2026-05-29 14:20:13,372 [INFO] ============================================================
2026-05-29 14:20:13,373 [INFO] Пересчёт дневных агрегатов...
2026-05-29 14:20:13,474 [INFO] Агрегаты обновлены: 0 дней
2026-05-29 14:35:41,703 [INFO] ============================================================
2026-05-29 14:35:41,704 [INFO] СИНХРОНИЗАЦИЯ ПРОДАЖ за 7 дней
2026-05-29 14:35:41,704 [INFO] Точка: 265
2026-05-29 14:35:41,704 [INFO] ============================================================
2026-05-29 14:35:41,705 [INFO] Месяц: 2026-05-22 → 2026-05-29
2026-05-29 14:35:44,324 [INFO]   Загружено: 0 новых, 100 обновлено
2026-05-29 14:35:44,324 [INFO] ============================================================
2026-05-29 14:35:44,324 [INFO] ИТОГО: 0 новых, 100 обновлено
2026-05-29 14:35:44,324 [INFO] ============================================================
2026-05-29 14:35:44,325 [INFO] Пересчёт дневных агрегатов...
2026-05-29 14:35:44,403 [INFO] Агрегаты обновлены: 0 дней
2026-05-29 14:41:14,796 [INFO] ============================================================
2026-05-29 14:41:14,796 [INFO] СИНХРОНИЗАЦИЯ ПРОДАЖ за 7 дней
2026-05-29 14:41:14,797 [INFO] Точка: 265
2026-05-29 14:41:14,797 [INFO] ============================================================
2026-05-29 14:41:14,797 [INFO] Месяц: 2026-05-22 → 2026-05-29
2026-05-29 14:51:29,835 [INFO] ============================================================
2026-05-29 14:51:29,835 [INFO] СИНХРОНИЗАЦИЯ ПРОДАЖ за 7 дней
2026-05-29 14:51:29,836 [INFO] Точка: 265
2026-05-29 14:51:29,836 [INFO] ============================================================
2026-05-29 14:51:29,836 [INFO] Месяц: 2026-05-22 → 2026-05-29
2026-05-29 14:53:44,787 [INFO] ============================================================
2026-05-29 14:53:44,787 [INFO] СИНХРОНИЗАЦИЯ ПРОДАЖ за 7 дней
2026-05-29 14:53:44,787 [INFO] Точка: 265
2026-05-29 14:53:44,788 [INFO] ============================================================
2026-05-29 14:53:44,788 [INFO] Месяц: 2026-05-22 → 2026-05-29
2026-05-29 14:53:45,665 [INFO]   Загружено: 0 новых, 0 обновлено
2026-05-29 14:53:45,665 [INFO] ============================================================
2026-05-29 14:53:45,665 [INFO] ИТОГО: 0 новых, 0 обновлено
2026-05-29 14:53:45,666 [INFO] ============================================================
2026-05-29 14:53:45,666 [INFO] Пересчёт дневных агрегатов...
2026-05-29 14:53:45,741 [INFO] Агрегаты обновлены: 0 дней
2026-05-29 15:00:35,233 [INFO] ============================================================
2026-05-29 15:00:35,236 [INFO] СИНХРОНИЗАЦИЯ ПРОДАЖ за 7 дней
2026-05-29 15:00:35,236 [INFO] Точка: 265
2026-05-29 15:00:35,236 [INFO] ============================================================
2026-05-29 15:00:35,236 [INFO] Месяц: 2026-05-22 → 2026-05-29
2026-05-29 15:00:38,149 [INFO]   Страница 0: 100 заказов, hasMore=True
2026-05-29 15:00:40,566 [INFO]   Страница 1: 100 заказов, hasMore=True
2026-05-29 15:00:43,130 [INFO]   Страница 2: 100 заказов, hasMore=True
2026-05-29 15:00:44,561 [INFO]   Страница 3: 19 заказов, hasMore=False
2026-05-29 15:00:44,561 [INFO]   Месяц: 319 новых, 0 обновлено
2026-05-29 15:00:44,561 [INFO] ============================================================
2026-05-29 15:00:44,561 [INFO] ИТОГО: 319 новых, 0 обновлено
2026-05-29 15:00:44,562 [INFO] ============================================================
2026-05-29 15:00:44,562 [INFO] Пересчёт дневных агрегатов...
2026-05-29 15:00:44,570 [ERROR] Критическая ошибка
Traceback (most recent call last):
  File "/Users/alexandrguryanov/Downloads/bar_management_v7/sync_retail.py", line 521, in main
    sync.sync_sales(args.days)
    ~~~~~~~~~~~~~~~^^^^^^^^^^^
  File "/Users/alexandrguryanov/Downloads/bar_management_v7/sync_retail.py", line 323, in sync_sales
    self._recalculate_daily_sales()
    ~~~~~~~~~~~~~~~~~~~~~~~~~~~~~^^
  File "/Users/alexandrguryanov/Downloads/bar_management_v7/sync_retail.py", line 368, in _recalculate_daily_sales
    ).filter(SaleRecord.date != None).group_by('sale_date').all()
                                                            ~~~^^
  File "/Users/alexandrguryanov/Downloads/bar_management_v7/venv3/lib/python3.13/site-packages/sqlalchemy/orm/query.py", line 2711, in all
    return self._iter().all()  # type: ignore
           ~~~~~~~~~~~~~~~~^^
  File "/Users/alexandrguryanov/Downloads/bar_management_v7/venv3/lib/python3.13/site-packages/sqlalchemy/engine/result.py", line 1406, in all
    return self._allrows()
           ~~~~~~~~~~~~~^^
  File "/Users/alexandrguryanov/Downloads/bar_management_v7/venv3/lib/python3.13/site-packages/sqlalchemy/engine/result.py", line 560, in _allrows
    rows = self._fetchall_impl()
  File "/Users/alexandrguryanov/Downloads/bar_management_v7/venv3/lib/python3.13/site-packages/sqlalchemy/engine/result.py", line 2310, in _fetchall_impl
    return list(self.iterator)
  File "/Users/alexandrguryanov/Downloads/bar_management_v7/venv3/lib/python3.13/site-packages/sqlalchemy/orm/loading.py", line 220, in chunks
    fetch = cursor._raw_all_rows()
  File "/Users/alexandrguryanov/Downloads/bar_management_v7/venv3/lib/python3.13/site-packages/sqlalchemy/engine/result.py", line 553, in _raw_all_rows
    return [make_row(row) for row in rows]
            ~~~~~~~~^^^^^
  File "/Users/alexandrguryanov/Downloads/bar_management_v7/venv3/lib/python3.13/site-packages/sqlalchemy/engine/_py_row.py", line 56, in __init__
    proc(value) if proc else value
    ~~~~^^^^^^^
  File "/Users/alexandrguryanov/Downloads/bar_management_v7/venv3/lib/python3.13/site-packages/sqlalchemy/engine/_py_processors.py", line 133, in str_to_date
    dt_value = date_cls.fromisoformat(value)
TypeError: fromisoformat: argument must be str
2026-05-29 15:04:41,181 [INFO] ============================================================
2026-05-29 15:04:41,182 [INFO] СИНХРОНИЗАЦИЯ ПРОДАЖ за 7 дней
2026-05-29 15:04:41,182 [INFO] Точка: 265
2026-05-29 15:04:41,182 [INFO] ============================================================
2026-05-29 15:04:41,182 [INFO] Месяц: 2026-05-22 → 2026-05-29
2026-05-29 15:04:44,390 [INFO]   Страница 0: 100 заказов, hasMore=True
2026-05-29 15:04:46,880 [INFO]   Страница 1: 100 заказов, hasMore=True
2026-05-29 15:04:49,422 [INFO]   Страница 2: 100 заказов, hasMore=True
2026-05-29 15:04:50,857 [INFO]   Страница 3: 19 заказов, hasMore=False
2026-05-29 15:04:50,857 [INFO]   Месяц: 0 новых, 319 обновлено
2026-05-29 15:04:50,857 [INFO] ============================================================
2026-05-29 15:04:50,857 [INFO] ИТОГО: 0 новых, 319 обновлено
2026-05-29 15:04:50,857 [INFO] ============================================================
2026-05-29 15:04:50,858 [INFO] Пересчёт дневных агрегатов...
2026-05-29 15:04:50,922 [INFO] Агрегаты обновлены: 8 дней
